exports[`<Filter /> matches snapshot 1`] = `
<div
  className="Filter">
  <Menu
    fluid={true}>
    <Dropdown
      additionLabel="Add "
      additionPosition="top"
      closeOnBlur={true}
      fluid={true}
      icon="dropdown"
      noResultsMessage="No results found."
      openOnFocus={true}
      options={
        Array [
          Object {
            "key": 0,
            "text": "test",
            "value": "test",
          },
        ]
      }
      placeholder="Category"
      renderLabel={[Function]}
      selectOnBlur={true}
      selection={true} />
    <Input
      placeholder="Search..."
      type="text" />
    <Button
      as="button"
      basic={true}
      circular={true}
      icon="plus" />
    <Button
      as="button"
      basic={true}
      circular={true}
      icon="minus" />
  </Menu>
  <Label
    as="a">
    <Icon
      as="i"
      color="green"
      name="check" />
    Javascript
    <Icon
      as="i"
      name="delete" />
  </Label>
  <Label
    as="a">
    <Icon
      as="i"
      color="red"
      name="ban" />
    AngularJS
    <Icon
      as="i"
      name="delete" />
  </Label>
</div>
`;
