exports[`<Filter /> matches snapshot 1`] = `
<div
  className="Filter">
  <Menu
    fluid={true}>
    <Dropdown
      additionLabel="Add "
      additionPosition="top"
      closeOnBlur={true}
      fluid={true}
      icon="dropdown"
      noResultsMessage="No results found."
      onChange={[Function]}
      openOnFocus={true}
      options={
        Array [
          Object {
            "key": 0,
            "text": "test",
            "value": 0,
          },
        ]
      }
      placeholder="Category"
      renderLabel={[Function]}
      selectOnBlur={true}
      selection={true} />
    <Dropdown
      additionLabel="Add "
      additionPosition="top"
      allowAdditions={true}
      closeOnBlur={true}
      fluid={true}
      icon="dropdown"
      noResultsMessage="No results found."
      onChange={[Function]}
      openOnFocus={true}
      options={Array []}
      placeholder="Tag"
      renderLabel={[Function]}
      search={true}
      selectOnBlur={true}
      selection={true} />
    <Button
      as="button"
      basic={true}
      circular={true}
      disabled={true}
      icon="plus"
      onClick={[Function]} />
    <Button
      as="button"
      basic={true}
      circular={true}
      disabled={true}
      icon="minus"
      onClick={[Function]} />
  </Menu>
</div>
`;
