exports[`test matches snapshot 1`] = `
<Column
  categories={undefined}
  changeSortBy={[Function]}
  closeThisColumn={[Function]}
  column={
    Object {
      "id": 0,
      "sortBy": "Name",
    }
  }
  companies={Array []}
  showDetails={[Function]}
  store={
    Object {
      "clearActions": [Function],
      "dispatch": [Function],
      "getActions": [Function],
      "getState": [Function],
      "replaceReducer": [Function],
      "subscribe": [Function],
    }
  }
  storeSubscription={
    Subscription {
      "listeners": Object {
        "notify": [Function],
      },
      "onStateChange": [Function],
      "parentSub": undefined,
      "store": Object {
        "clearActions": [Function],
        "dispatch": [Function],
        "getActions": [Function],
        "getState": [Function],
        "replaceReducer": [Function],
        "subscribe": [Function],
      },
      "unsubscribe": null,
    }
  }
  tags={Array []} />
`;
